  main.cpp
F:\graphics lab\kawshik\Village-Fair-OpenGL-3.3\sphere.h(177,26): warning C4244: 'initializing': conversion from 'double' to 'float', possible loss of data
  (compiling source file 'main.cpp')
  
F:\graphics lab\kawshik\Village-Fair-OpenGL-3.3\sphere.h(178,25): warning C4244: 'initializing': conversion from 'double' to 'float', possible loss of data
  (compiling source file 'main.cpp')
  
F:\graphics lab\kawshik\Village-Fair-OpenGL-3.3\sphere.h(180,26): warning C4244: 'initializing': conversion from 'double' to 'float', possible loss of data
  (compiling source file 'main.cpp')
  
F:\graphics lab\kawshik\Village-Fair-OpenGL-3.3\curve.h(154,37): warning C4244: 'initializing': conversion from 'double' to 'float', possible loss of data
  (compiling source file 'main.cpp')
  
F:\graphics lab\kawshik\Village-Fair-OpenGL-3.3\curve.h(154,28): warning C4244: 'initializing': conversion from 'double' to 'const float', possible loss of data
  (compiling source file 'main.cpp')
  
F:\graphics lab\kawshik\Village-Fair-OpenGL-3.3\curve.h(157,18): warning C4244: 'initializing': conversion from 'double' to 'float', possible loss of data
  (compiling source file 'main.cpp')
  
F:\graphics lab\kawshik\Village-Fair-OpenGL-3.3\curve.h(167,29): warning C4244: '=': conversion from 'double' to 'float', possible loss of data
  (compiling source file 'main.cpp')
  
F:\graphics lab\kawshik\Village-Fair-OpenGL-3.3\curve.h(173,23): warning C4244: '=': conversion from 'double' to 'float', possible loss of data
  (compiling source file 'main.cpp')
  
F:\graphics lab\kawshik\Village-Fair-OpenGL-3.3\curve.h(174,23): warning C4244: '=': conversion from 'double' to 'float', possible loss of data
  (compiling source file 'main.cpp')
  
F:\graphics lab\kawshik\Village-Fair-OpenGL-3.3\tree.h(13,29): warning C4101: 'rotateXMatrix': unreferenced local variable
  (compiling source file 'main.cpp')
  
F:\graphics lab\kawshik\Village-Fair-OpenGL-3.3\tree.h(13,59): warning C4101: 'rotateZMatrix': unreferenced local variable
  (compiling source file 'main.cpp')
  
F:\graphics lab\kawshik\Village-Fair-OpenGL-3.3\tree.h(13,44): warning C4101: 'rotateYMatrix': unreferenced local variable
  (compiling source file 'main.cpp')
  
F:\graphics lab\kawshik\Village-Fair-OpenGL-3.3\tree.h(13,94): warning C4101: 'rotationMatrix': unreferenced local variable
  (compiling source file 'main.cpp')
  
F:\graphics lab\kawshik\Village-Fair-OpenGL-3.3\tree.h(13,121): warning C4101: 'temp': unreferenced local variable
  (compiling source file 'main.cpp')
  
F:\graphics lab\kawshik\Village-Fair-OpenGL-3.3\tree.h(13,110): warning C4101: 'initModel': unreferenced local variable
  (compiling source file 'main.cpp')
  
F:\graphics lab\kawshik\Village-Fair-OpenGL-3.3\base.h(12,124): warning C4101: 'temp': unreferenced local variable
  (compiling source file 'main.cpp')
  
F:\graphics lab\kawshik\Village-Fair-OpenGL-3.3\base.h(12,113): warning C4101: 'initModel': unreferenced local variable
  (compiling source file 'main.cpp')
  
F:\graphics lab\kawshik\Village-Fair-OpenGL-3.3\components.h(18,39): warning C4244: '=': conversion from 'double' to 'T', possible loss of data
F:\graphics lab\kawshik\Village-Fair-OpenGL-3.3\components.h(18,39): warning C4244:         with
F:\graphics lab\kawshik\Village-Fair-OpenGL-3.3\components.h(18,39): warning C4244:         [
F:\graphics lab\kawshik\Village-Fair-OpenGL-3.3\components.h(18,39): warning C4244:             T=float
F:\graphics lab\kawshik\Village-Fair-OpenGL-3.3\components.h(18,39): warning C4244:         ]
  (compiling source file 'main.cpp')
  
F:\graphics lab\kawshik\Village-Fair-OpenGL-3.3\components.h(32,23): warning C4305: '=': truncation from 'double' to 'T'
F:\graphics lab\kawshik\Village-Fair-OpenGL-3.3\components.h(32,23): warning C4305:         with
F:\graphics lab\kawshik\Village-Fair-OpenGL-3.3\components.h(32,23): warning C4305:         [
F:\graphics lab\kawshik\Village-Fair-OpenGL-3.3\components.h(32,23): warning C4305:             T=float
F:\graphics lab\kawshik\Village-Fair-OpenGL-3.3\components.h(32,23): warning C4305:         ]
  (compiling source file 'main.cpp')
  
F:\graphics lab\kawshik\Village-Fair-OpenGL-3.3\components.h(14,32): warning C4101: 'rotateXMatrix': unreferenced local variable
  (compiling source file 'main.cpp')
  
F:\graphics lab\kawshik\Village-Fair-OpenGL-3.3\components.h(14,62): warning C4101: 'rotateZMatrix': unreferenced local variable
  (compiling source file 'main.cpp')
  
F:\graphics lab\kawshik\Village-Fair-OpenGL-3.3\components.h(14,47): warning C4101: 'rotateYMatrix': unreferenced local variable
  (compiling source file 'main.cpp')
  
F:\graphics lab\kawshik\Village-Fair-OpenGL-3.3\components.h(60,24): warning C4305: '+=': truncation from 'double' to 'T'
F:\graphics lab\kawshik\Village-Fair-OpenGL-3.3\components.h(60,24): warning C4305:         with
F:\graphics lab\kawshik\Village-Fair-OpenGL-3.3\components.h(60,24): warning C4305:         [
F:\graphics lab\kawshik\Village-Fair-OpenGL-3.3\components.h(60,24): warning C4305:             T=float
F:\graphics lab\kawshik\Village-Fair-OpenGL-3.3\components.h(60,24): warning C4305:         ]
  (compiling source file 'main.cpp')
  
F:\graphics lab\kawshik\Village-Fair-OpenGL-3.3\components.h(75,58): warning C4305: 'argument': truncation from 'double' to 'float'
  (compiling source file 'main.cpp')
  
F:\graphics lab\kawshik\Village-Fair-OpenGL-3.3\components.h(75,52): warning C4305: 'argument': truncation from 'double' to 'float'
  (compiling source file 'main.cpp')
  
F:\graphics lab\kawshik\Village-Fair-OpenGL-3.3\components.h(70,32): warning C4101: 'rotateXMatrix': unreferenced local variable
  (compiling source file 'main.cpp')
  
F:\graphics lab\kawshik\Village-Fair-OpenGL-3.3\components.h(70,62): warning C4101: 'rotateZMatrix': unreferenced local variable
  (compiling source file 'main.cpp')
  
F:\graphics lab\kawshik\Village-Fair-OpenGL-3.3\components.h(70,47): warning C4101: 'rotateYMatrix': unreferenced local variable
  (compiling source file 'main.cpp')
  
F:\graphics lab\kawshik\Village-Fair-OpenGL-3.3\cafe.h(15,24): warning C4305: '-=': truncation from 'double' to 'T'
F:\graphics lab\kawshik\Village-Fair-OpenGL-3.3\cafe.h(15,24): warning C4305:         with
F:\graphics lab\kawshik\Village-Fair-OpenGL-3.3\cafe.h(15,24): warning C4305:         [
F:\graphics lab\kawshik\Village-Fair-OpenGL-3.3\cafe.h(15,24): warning C4305:             T=float
F:\graphics lab\kawshik\Village-Fair-OpenGL-3.3\cafe.h(15,24): warning C4305:         ]
  (compiling source file 'main.cpp')
  
F:\graphics lab\kawshik\Village-Fair-OpenGL-3.3\cafe.h(12,90): warning C4101: 'model': unreferenced local variable
  (compiling source file 'main.cpp')
  
F:\graphics lab\kawshik\Village-Fair-OpenGL-3.3\cafe.h(12,32): warning C4101: 'rotateXMatrix': unreferenced local variable
  (compiling source file 'main.cpp')
  
F:\graphics lab\kawshik\Village-Fair-OpenGL-3.3\cafe.h(12,77): warning C4101: 'scaleMatrix': unreferenced local variable
  (compiling source file 'main.cpp')
  
F:\graphics lab\kawshik\Village-Fair-OpenGL-3.3\cafe.h(12,62): warning C4101: 'rotateZMatrix': unreferenced local variable
  (compiling source file 'main.cpp')
  
F:\graphics lab\kawshik\Village-Fair-OpenGL-3.3\cafe.h(12,15): warning C4101: 'translateMatrix': unreferenced local variable
  (compiling source file 'main.cpp')
  
F:\graphics lab\kawshik\Village-Fair-OpenGL-3.3\cafe.h(86,58): warning C4305: 'argument': truncation from 'double' to 'float'
  (compiling source file 'main.cpp')
  
F:\graphics lab\kawshik\Village-Fair-OpenGL-3.3\cafe.h(86,52): warning C4305: 'argument': truncation from 'double' to 'float'
  (compiling source file 'main.cpp')
  
F:\graphics lab\kawshik\Village-Fair-OpenGL-3.3\cafe.h(86,46): warning C4305: 'argument': truncation from 'double' to 'float'
  (compiling source file 'main.cpp')
  
F:\graphics lab\kawshik\Village-Fair-OpenGL-3.3\cafe.h(92,58): warning C4305: 'argument': truncation from 'double' to 'float'
  (compiling source file 'main.cpp')
  
F:\graphics lab\kawshik\Village-Fair-OpenGL-3.3\cafe.h(92,52): warning C4305: 'argument': truncation from 'double' to 'float'
  (compiling source file 'main.cpp')
  
F:\graphics lab\kawshik\Village-Fair-OpenGL-3.3\cafe.h(92,46): warning C4305: 'argument': truncation from 'double' to 'float'
  (compiling source file 'main.cpp')
  
F:\graphics lab\kawshik\Village-Fair-OpenGL-3.3\cafe.h(32,32): warning C4101: 'rotateXMatrix': unreferenced local variable
  (compiling source file 'main.cpp')
  
F:\graphics lab\kawshik\Village-Fair-OpenGL-3.3\cafe.h(32,62): warning C4101: 'rotateZMatrix': unreferenced local variable
  (compiling source file 'main.cpp')
  
F:\graphics lab\kawshik\Village-Fair-OpenGL-3.3\cafe.h(32,47): warning C4101: 'rotateYMatrix': unreferenced local variable
  (compiling source file 'main.cpp')
  
F:\graphics lab\kawshik\Village-Fair-OpenGL-3.3\flyer.h(38,55): warning C4305: 'argument': truncation from 'double' to 'float'
  (compiling source file 'main.cpp')
  
F:\graphics lab\kawshik\Village-Fair-OpenGL-3.3\flyer.h(38,49): warning C4305: 'argument': truncation from 'double' to 'float'
  (compiling source file 'main.cpp')
  
F:\graphics lab\kawshik\Village-Fair-OpenGL-3.3\flyer.h(43,55): warning C4305: 'argument': truncation from 'double' to 'float'
  (compiling source file 'main.cpp')
  
F:\graphics lab\kawshik\Village-Fair-OpenGL-3.3\flyer.h(43,49): warning C4305: 'argument': truncation from 'double' to 'float'
  (compiling source file 'main.cpp')
  
F:\graphics lab\kawshik\Village-Fair-OpenGL-3.3\flyer.h(12,29): warning C4101: 'rotateXMatrix': unreferenced local variable
  (compiling source file 'main.cpp')
  
F:\graphics lab\kawshik\Village-Fair-OpenGL-3.3\flyer.h(12,59): warning C4101: 'rotateZMatrix': unreferenced local variable
  (compiling source file 'main.cpp')
  
F:\graphics lab\kawshik\Village-Fair-OpenGL-3.3\flyer.h(12,44): warning C4101: 'rotateYMatrix': unreferenced local variable
  (compiling source file 'main.cpp')
  
F:\graphics lab\kawshik\Village-Fair-OpenGL-3.3\cylinder.h(150,24): warning C4101: 'normalX': unreferenced local variable
  (compiling source file 'main.cpp')
  
F:\graphics lab\kawshik\Village-Fair-OpenGL-3.3\cylinder.h(150,33): warning C4101: 'normalY': unreferenced local variable
  (compiling source file 'main.cpp')
  
F:\graphics lab\kawshik\Village-Fair-OpenGL-3.3\cylinder.h(150,18): warning C4101: 'y': unreferenced local variable
  (compiling source file 'main.cpp')
  
F:\graphics lab\kawshik\Village-Fair-OpenGL-3.3\cylinder.h(150,42): warning C4101: 'normalZ': unreferenced local variable
  (compiling source file 'main.cpp')
  
F:\graphics lab\kawshik\Village-Fair-OpenGL-3.3\maryGoRound.h(20,58): warning C4305: 'argument': truncation from 'double' to 'float'
  (compiling source file 'main.cpp')
  
F:\graphics lab\kawshik\Village-Fair-OpenGL-3.3\maryGoRound.h(20,52): warning C4305: 'argument': truncation from 'double' to 'float'
  (compiling source file 'main.cpp')
  
F:\graphics lab\kawshik\Village-Fair-OpenGL-3.3\maryGoRound.h(20,47): warning C4305: 'argument': truncation from 'double' to 'float'
  (compiling source file 'main.cpp')
  
F:\graphics lab\kawshik\Village-Fair-OpenGL-3.3\maryGoRound.h(31,43): warning C4305: 'argument': truncation from 'double' to 'float'
  (compiling source file 'main.cpp')
  
F:\graphics lab\kawshik\Village-Fair-OpenGL-3.3\maryGoRound.h(40,43): warning C4305: 'argument': truncation from 'double' to 'float'
  (compiling source file 'main.cpp')
  
F:\graphics lab\kawshik\Village-Fair-OpenGL-3.3\maryGoRound.h(49,43): warning C4305: 'argument': truncation from 'double' to 'float'
  (compiling source file 'main.cpp')
  
F:\graphics lab\kawshik\Village-Fair-OpenGL-3.3\maryGoRound.h(60,43): warning C4305: 'argument': truncation from 'double' to 'float'
  (compiling source file 'main.cpp')
  
F:\graphics lab\kawshik\Village-Fair-OpenGL-3.3\maryGoRound.h(14,59): warning C4101: 'rotateZMatrix': unreferenced local variable
  (compiling source file 'main.cpp')
  
F:\graphics lab\kawshik\Village-Fair-OpenGL-3.3\circularRide.h(17,61): warning C4305: 'argument': truncation from 'double' to 'float'
  (compiling source file 'main.cpp')
  
F:\graphics lab\kawshik\Village-Fair-OpenGL-3.3\circularRide.h(17,55): warning C4305: 'argument': truncation from 'double' to 'float'
  (compiling source file 'main.cpp')
  
F:\graphics lab\kawshik\Village-Fair-OpenGL-3.3\circularRide.h(17,50): warning C4305: 'argument': truncation from 'double' to 'float'
  (compiling source file 'main.cpp')
  
F:\graphics lab\kawshik\Village-Fair-OpenGL-3.3\circularRide.h(13,32): warning C4101: 'rotateXMatrix': unreferenced local variable
  (compiling source file 'main.cpp')
  
F:\graphics lab\kawshik\Village-Fair-OpenGL-3.3\circularRide.h(13,62): warning C4101: 'rotateZMatrix': unreferenced local variable
  (compiling source file 'main.cpp')
  
F:\graphics lab\kawshik\Village-Fair-OpenGL-3.3\circularRide.h(13,97): warning C4101: 'rotationMatrix': unreferenced local variable
  (compiling source file 'main.cpp')
  
F:\graphics lab\kawshik\Village-Fair-OpenGL-3.3\circularRide.h(13,124): warning C4101: 'temp': unreferenced local variable
  (compiling source file 'main.cpp')
  
F:\graphics lab\kawshik\Village-Fair-OpenGL-3.3\circularRide.h(13,113): warning C4101: 'initModel': unreferenced local variable
  (compiling source file 'main.cpp')
  
F:\graphics lab\kawshik\Village-Fair-OpenGL-3.3\sphereWithTexture.h(183,26): warning C4244: 'initializing': conversion from 'double' to 'float', possible loss of data
  (compiling source file 'main.cpp')
  
F:\graphics lab\kawshik\Village-Fair-OpenGL-3.3\sphereWithTexture.h(184,25): warning C4244: 'initializing': conversion from 'double' to 'float', possible loss of data
  (compiling source file 'main.cpp')
  
F:\graphics lab\kawshik\Village-Fair-OpenGL-3.3\sphereWithTexture.h(186,26): warning C4244: 'initializing': conversion from 'double' to 'float', possible loss of data
  (compiling source file 'main.cpp')
  
F:\graphics lab\kawshik\Village-Fair-OpenGL-3.3\sphereWithTexture.h(263,26): warning C4244: 'initializing': conversion from 'double' to 'float', possible loss of data
  (compiling source file 'main.cpp')
  
F:\graphics lab\kawshik\Village-Fair-OpenGL-3.3\sphereWithTexture.h(264,25): warning C4244: 'initializing': conversion from 'double' to 'float', possible loss of data
  (compiling source file 'main.cpp')
  
F:\graphics lab\kawshik\Village-Fair-OpenGL-3.3\sphereWithTexture.h(268,30): warning C4244: 'initializing': conversion from 'double' to 'float', possible loss of data
  (compiling source file 'main.cpp')
  
F:\graphics lab\kawshik\Village-Fair-OpenGL-3.3\sphereWithTexture.h(319,26): warning C4244: 'initializing': conversion from 'double' to 'float', possible loss of data
  (compiling source file 'main.cpp')
  
F:\graphics lab\kawshik\Village-Fair-OpenGL-3.3\sphereWithTexture.h(320,25): warning C4244: 'initializing': conversion from 'double' to 'float', possible loss of data
  (compiling source file 'main.cpp')
  
F:\graphics lab\kawshik\Village-Fair-OpenGL-3.3\sphereWithTexture.h(325,33): warning C4244: '=': conversion from 'double' to 'float', possible loss of data
  (compiling source file 'main.cpp')
  
F:\graphics lab\kawshik\Village-Fair-OpenGL-3.3\ferrisWheel.h(16,29): warning C4101: 'rotateXMatrix': unreferenced local variable
  (compiling source file 'main.cpp')
  
F:\graphics lab\kawshik\Village-Fair-OpenGL-3.3\train.h(13,121): warning C4101: 'temp': unreferenced local variable
  (compiling source file 'main.cpp')
  
F:\graphics lab\kawshik\Village-Fair-OpenGL-3.3\train.h(13,110): warning C4101: 'initModel': unreferenced local variable
  (compiling source file 'main.cpp')
  
F:\graphics lab\kawshik\Village-Fair-OpenGL-3.3\main.cpp(598,18): warning C4305: 'initializing': truncation from 'double' to 'float'
F:\graphics lab\kawshik\Village-Fair-OpenGL-3.3\main.cpp(598,27): warning C4305: 'initializing': truncation from 'double' to 'float'
F:\graphics lab\kawshik\Village-Fair-OpenGL-3.3\main.cpp(599,8): warning C4305: 'initializing': truncation from 'double' to 'float'
F:\graphics lab\kawshik\Village-Fair-OpenGL-3.3\main.cpp(599,17): warning C4305: 'initializing': truncation from 'double' to 'float'
F:\graphics lab\kawshik\Village-Fair-OpenGL-3.3\main.cpp(599,26): warning C4305: 'initializing': truncation from 'double' to 'float'
F:\graphics lab\kawshik\Village-Fair-OpenGL-3.3\main.cpp(604,18): warning C4305: 'initializing': truncation from 'double' to 'float'
F:\graphics lab\kawshik\Village-Fair-OpenGL-3.3\main.cpp(604,27): warning C4305: 'initializing': truncation from 'double' to 'float'
F:\graphics lab\kawshik\Village-Fair-OpenGL-3.3\main.cpp(605,8): warning C4305: 'initializing': truncation from 'double' to 'float'
F:\graphics lab\kawshik\Village-Fair-OpenGL-3.3\main.cpp(605,17): warning C4305: 'initializing': truncation from 'double' to 'float'
F:\graphics lab\kawshik\Village-Fair-OpenGL-3.3\main.cpp(605,26): warning C4305: 'initializing': truncation from 'double' to 'float'
F:\graphics lab\kawshik\Village-Fair-OpenGL-3.3\main.cpp(609,9): warning C4305: 'initializing': truncation from 'double' to 'float'
F:\graphics lab\kawshik\Village-Fair-OpenGL-3.3\main.cpp(609,17): warning C4305: 'initializing': truncation from 'double' to 'float'
F:\graphics lab\kawshik\Village-Fair-OpenGL-3.3\main.cpp(609,25): warning C4305: 'initializing': truncation from 'double' to 'float'
F:\graphics lab\kawshik\Village-Fair-OpenGL-3.3\main.cpp(610,9): warning C4305: 'initializing': truncation from 'double' to 'float'
F:\graphics lab\kawshik\Village-Fair-OpenGL-3.3\main.cpp(610,18): warning C4305: 'initializing': truncation from 'double' to 'float'
F:\graphics lab\kawshik\Village-Fair-OpenGL-3.3\main.cpp(610,26): warning C4305: 'initializing': truncation from 'double' to 'float'
F:\graphics lab\kawshik\Village-Fair-OpenGL-3.3\main.cpp(611,9): warning C4305: 'initializing': truncation from 'double' to 'float'
F:\graphics lab\kawshik\Village-Fair-OpenGL-3.3\main.cpp(611,26): warning C4305: 'initializing': truncation from 'double' to 'float'
F:\graphics lab\kawshik\Village-Fair-OpenGL-3.3\main.cpp(612,9): warning C4305: 'initializing': truncation from 'double' to 'float'
F:\graphics lab\kawshik\Village-Fair-OpenGL-3.3\main.cpp(612,18): warning C4305: 'initializing': truncation from 'double' to 'float'
F:\graphics lab\kawshik\Village-Fair-OpenGL-3.3\main.cpp(612,26): warning C4305: 'initializing': truncation from 'double' to 'float'
F:\graphics lab\kawshik\Village-Fair-OpenGL-3.3\main.cpp(613,9): warning C4305: 'initializing': truncation from 'double' to 'float'
F:\graphics lab\kawshik\Village-Fair-OpenGL-3.3\main.cpp(613,18): warning C4305: 'initializing': truncation from 'double' to 'float'
F:\graphics lab\kawshik\Village-Fair-OpenGL-3.3\main.cpp(613,26): warning C4305: 'initializing': truncation from 'double' to 'float'
F:\graphics lab\kawshik\Village-Fair-OpenGL-3.3\main.cpp(614,26): warning C4305: 'initializing': truncation from 'double' to 'float'
F:\graphics lab\kawshik\Village-Fair-OpenGL-3.3\main.cpp(615,9): warning C4305: 'initializing': truncation from 'double' to 'float'
F:\graphics lab\kawshik\Village-Fair-OpenGL-3.3\main.cpp(615,18): warning C4305: 'initializing': truncation from 'double' to 'float'
F:\graphics lab\kawshik\Village-Fair-OpenGL-3.3\main.cpp(615,26): warning C4305: 'initializing': truncation from 'double' to 'float'
F:\graphics lab\kawshik\Village-Fair-OpenGL-3.3\main.cpp(616,9): warning C4305: 'initializing': truncation from 'double' to 'float'
F:\graphics lab\kawshik\Village-Fair-OpenGL-3.3\main.cpp(616,18): warning C4305: 'initializing': truncation from 'double' to 'float'
F:\graphics lab\kawshik\Village-Fair-OpenGL-3.3\main.cpp(616,26): warning C4305: 'initializing': truncation from 'double' to 'float'
F:\graphics lab\kawshik\Village-Fair-OpenGL-3.3\main.cpp(617,9): warning C4305: 'initializing': truncation from 'double' to 'float'
F:\graphics lab\kawshik\Village-Fair-OpenGL-3.3\main.cpp(617,18): warning C4305: 'initializing': truncation from 'double' to 'float'
F:\graphics lab\kawshik\Village-Fair-OpenGL-3.3\main.cpp(617,26): warning C4305: 'initializing': truncation from 'double' to 'float'
F:\graphics lab\kawshik\Village-Fair-OpenGL-3.3\main.cpp(618,9): warning C4305: 'initializing': truncation from 'double' to 'float'
F:\graphics lab\kawshik\Village-Fair-OpenGL-3.3\main.cpp(618,18): warning C4305: 'initializing': truncation from 'double' to 'float'
F:\graphics lab\kawshik\Village-Fair-OpenGL-3.3\main.cpp(618,26): warning C4305: 'initializing': truncation from 'double' to 'float'
F:\graphics lab\kawshik\Village-Fair-OpenGL-3.3\main.cpp(619,9): warning C4305: 'initializing': truncation from 'double' to 'float'
F:\graphics lab\kawshik\Village-Fair-OpenGL-3.3\main.cpp(619,18): warning C4305: 'initializing': truncation from 'double' to 'float'
F:\graphics lab\kawshik\Village-Fair-OpenGL-3.3\main.cpp(619,26): warning C4305: 'initializing': truncation from 'double' to 'float'
F:\graphics lab\kawshik\Village-Fair-OpenGL-3.3\main.cpp(620,9): warning C4305: 'initializing': truncation from 'double' to 'float'
F:\graphics lab\kawshik\Village-Fair-OpenGL-3.3\main.cpp(620,18): warning C4305: 'initializing': truncation from 'double' to 'float'
F:\graphics lab\kawshik\Village-Fair-OpenGL-3.3\main.cpp(620,26): warning C4305: 'initializing': truncation from 'double' to 'float'
F:\graphics lab\kawshik\Village-Fair-OpenGL-3.3\main.cpp(621,9): warning C4305: 'initializing': truncation from 'double' to 'float'
F:\graphics lab\kawshik\Village-Fair-OpenGL-3.3\main.cpp(621,18): warning C4305: 'initializing': truncation from 'double' to 'float'
F:\graphics lab\kawshik\Village-Fair-OpenGL-3.3\main.cpp(621,26): warning C4305: 'initializing': truncation from 'double' to 'float'
F:\graphics lab\kawshik\Village-Fair-OpenGL-3.3\main.cpp(622,9): warning C4305: 'initializing': truncation from 'double' to 'float'
F:\graphics lab\kawshik\Village-Fair-OpenGL-3.3\main.cpp(622,18): warning C4305: 'initializing': truncation from 'double' to 'float'
F:\graphics lab\kawshik\Village-Fair-OpenGL-3.3\main.cpp(622,26): warning C4305: 'initializing': truncation from 'double' to 'float'
F:\graphics lab\kawshik\Village-Fair-OpenGL-3.3\main.cpp(626,18): warning C4305: 'initializing': truncation from 'double' to 'float'
F:\graphics lab\kawshik\Village-Fair-OpenGL-3.3\main.cpp(626,26): warning C4305: 'initializing': truncation from 'double' to 'float'
F:\graphics lab\kawshik\Village-Fair-OpenGL-3.3\main.cpp(627,9): warning C4305: 'initializing': truncation from 'double' to 'float'
F:\graphics lab\kawshik\Village-Fair-OpenGL-3.3\main.cpp(627,18): warning C4305: 'initializing': truncation from 'double' to 'float'
F:\graphics lab\kawshik\Village-Fair-OpenGL-3.3\main.cpp(627,26): warning C4305: 'initializing': truncation from 'double' to 'float'
F:\graphics lab\kawshik\Village-Fair-OpenGL-3.3\main.cpp(628,9): warning C4305: 'initializing': truncation from 'double' to 'float'
F:\graphics lab\kawshik\Village-Fair-OpenGL-3.3\main.cpp(628,18): warning C4305: 'initializing': truncation from 'double' to 'float'
F:\graphics lab\kawshik\Village-Fair-OpenGL-3.3\main.cpp(628,26): warning C4305: 'initializing': truncation from 'double' to 'float'
F:\graphics lab\kawshik\Village-Fair-OpenGL-3.3\main.cpp(629,26): warning C4305: 'initializing': truncation from 'double' to 'float'
F:\graphics lab\kawshik\Village-Fair-OpenGL-3.3\main.cpp(630,9): warning C4305: 'initializing': truncation from 'double' to 'float'
F:\graphics lab\kawshik\Village-Fair-OpenGL-3.3\main.cpp(630,18): warning C4305: 'initializing': truncation from 'double' to 'float'
F:\graphics lab\kawshik\Village-Fair-OpenGL-3.3\main.cpp(630,26): warning C4305: 'initializing': truncation from 'double' to 'float'
F:\graphics lab\kawshik\Village-Fair-OpenGL-3.3\main.cpp(631,9): warning C4305: 'initializing': truncation from 'double' to 'float'
F:\graphics lab\kawshik\Village-Fair-OpenGL-3.3\main.cpp(631,18): warning C4305: 'initializing': truncation from 'double' to 'float'
F:\graphics lab\kawshik\Village-Fair-OpenGL-3.3\main.cpp(631,26): warning C4305: 'initializing': truncation from 'double' to 'float'
F:\graphics lab\kawshik\Village-Fair-OpenGL-3.3\main.cpp(632,9): warning C4305: 'initializing': truncation from 'double' to 'float'
F:\graphics lab\kawshik\Village-Fair-OpenGL-3.3\main.cpp(632,18): warning C4305: 'initializing': truncation from 'double' to 'float'
F:\graphics lab\kawshik\Village-Fair-OpenGL-3.3\main.cpp(632,26): warning C4305: 'initializing': truncation from 'double' to 'float'
F:\graphics lab\kawshik\Village-Fair-OpenGL-3.3\main.cpp(633,9): warning C4305: 'initializing': truncation from 'double' to 'float'
F:\graphics lab\kawshik\Village-Fair-OpenGL-3.3\main.cpp(633,18): warning C4305: 'initializing': truncation from 'double' to 'float'
F:\graphics lab\kawshik\Village-Fair-OpenGL-3.3\main.cpp(633,26): warning C4305: 'initializing': truncation from 'double' to 'float'
F:\graphics lab\kawshik\Village-Fair-OpenGL-3.3\main.cpp(634,9): warning C4305: 'initializing': truncation from 'double' to 'float'
F:\graphics lab\kawshik\Village-Fair-OpenGL-3.3\main.cpp(634,18): warning C4305: 'initializing': truncation from 'double' to 'float'
F:\graphics lab\kawshik\Village-Fair-OpenGL-3.3\main.cpp(634,26): warning C4305: 'initializing': truncation from 'double' to 'float'
F:\graphics lab\kawshik\Village-Fair-OpenGL-3.3\main.cpp(635,9): warning C4305: 'initializing': truncation from 'double' to 'float'
F:\graphics lab\kawshik\Village-Fair-OpenGL-3.3\main.cpp(635,18): warning C4305: 'initializing': truncation from 'double' to 'float'
F:\graphics lab\kawshik\Village-Fair-OpenGL-3.3\main.cpp(635,26): warning C4305: 'initializing': truncation from 'double' to 'float'
F:\graphics lab\kawshik\Village-Fair-OpenGL-3.3\main.cpp(636,9): warning C4305: 'initializing': truncation from 'double' to 'float'
F:\graphics lab\kawshik\Village-Fair-OpenGL-3.3\main.cpp(636,18): warning C4305: 'initializing': truncation from 'double' to 'float'
F:\graphics lab\kawshik\Village-Fair-OpenGL-3.3\main.cpp(636,26): warning C4305: 'initializing': truncation from 'double' to 'float'
F:\graphics lab\kawshik\Village-Fair-OpenGL-3.3\main.cpp(637,9): warning C4305: 'initializing': truncation from 'double' to 'float'
F:\graphics lab\kawshik\Village-Fair-OpenGL-3.3\main.cpp(637,18): warning C4305: 'initializing': truncation from 'double' to 'float'
F:\graphics lab\kawshik\Village-Fair-OpenGL-3.3\main.cpp(637,26): warning C4305: 'initializing': truncation from 'double' to 'float'
F:\graphics lab\kawshik\Village-Fair-OpenGL-3.3\main.cpp(638,9): warning C4305: 'initializing': truncation from 'double' to 'float'
F:\graphics lab\kawshik\Village-Fair-OpenGL-3.3\main.cpp(638,18): warning C4305: 'initializing': truncation from 'double' to 'float'
F:\graphics lab\kawshik\Village-Fair-OpenGL-3.3\main.cpp(638,26): warning C4305: 'initializing': truncation from 'double' to 'float'
F:\graphics lab\kawshik\Village-Fair-OpenGL-3.3\main.cpp(639,9): warning C4305: 'initializing': truncation from 'double' to 'float'
F:\graphics lab\kawshik\Village-Fair-OpenGL-3.3\main.cpp(639,18): warning C4305: 'initializing': truncation from 'double' to 'float'
F:\graphics lab\kawshik\Village-Fair-OpenGL-3.3\main.cpp(639,26): warning C4305: 'initializing': truncation from 'double' to 'float'
F:\graphics lab\kawshik\Village-Fair-OpenGL-3.3\main.cpp(640,9): warning C4305: 'initializing': truncation from 'double' to 'float'
F:\graphics lab\kawshik\Village-Fair-OpenGL-3.3\main.cpp(640,18): warning C4305: 'initializing': truncation from 'double' to 'float'
F:\graphics lab\kawshik\Village-Fair-OpenGL-3.3\main.cpp(640,26): warning C4305: 'initializing': truncation from 'double' to 'float'
F:\graphics lab\kawshik\Village-Fair-OpenGL-3.3\main.cpp(641,9): warning C4305: 'initializing': truncation from 'double' to 'float'
F:\graphics lab\kawshik\Village-Fair-OpenGL-3.3\main.cpp(641,18): warning C4305: 'initializing': truncation from 'double' to 'float'
F:\graphics lab\kawshik\Village-Fair-OpenGL-3.3\main.cpp(641,26): warning C4305: 'initializing': truncation from 'double' to 'float'
F:\graphics lab\kawshik\Village-Fair-OpenGL-3.3\main.cpp(642,9): warning C4305: 'initializing': truncation from 'double' to 'float'
F:\graphics lab\kawshik\Village-Fair-OpenGL-3.3\main.cpp(642,18): warning C4305: 'initializing': truncation from 'double' to 'float'
F:\graphics lab\kawshik\Village-Fair-OpenGL-3.3\main.cpp(642,26): warning C4305: 'initializing': truncation from 'double' to 'float'
F:\graphics lab\kawshik\Village-Fair-OpenGL-3.3\main.cpp(643,17): warning C4305: 'initializing': truncation from 'double' to 'float'
F:\graphics lab\kawshik\Village-Fair-OpenGL-3.3\main.cpp(643,26): warning C4305: 'initializing': truncation from 'double' to 'float'
F:\graphics lab\kawshik\Village-Fair-OpenGL-3.3\main.cpp(644,9): warning C4305: 'initializing': truncation from 'double' to 'float'
F:\graphics lab\kawshik\Village-Fair-OpenGL-3.3\main.cpp(644,17): warning C4305: 'initializing': truncation from 'double' to 'float'
F:\graphics lab\kawshik\Village-Fair-OpenGL-3.3\main.cpp(644,25): warning C4305: 'initializing': truncation from 'double' to 'float'
F:\graphics lab\kawshik\Village-Fair-OpenGL-3.3\main.cpp(648,9): warning C4305: 'initializing': truncation from 'double' to 'float'
F:\graphics lab\kawshik\Village-Fair-OpenGL-3.3\main.cpp(648,18): warning C4305: 'initializing': truncation from 'double' to 'float'
F:\graphics lab\kawshik\Village-Fair-OpenGL-3.3\main.cpp(648,27): warning C4305: 'initializing': truncation from 'double' to 'float'
F:\graphics lab\kawshik\Village-Fair-OpenGL-3.3\main.cpp(649,9): warning C4305: 'initializing': truncation from 'double' to 'float'
F:\graphics lab\kawshik\Village-Fair-OpenGL-3.3\main.cpp(649,18): warning C4305: 'initializing': truncation from 'double' to 'float'
F:\graphics lab\kawshik\Village-Fair-OpenGL-3.3\main.cpp(649,27): warning C4305: 'initializing': truncation from 'double' to 'float'
F:\graphics lab\kawshik\Village-Fair-OpenGL-3.3\main.cpp(650,9): warning C4305: 'initializing': truncation from 'double' to 'float'
F:\graphics lab\kawshik\Village-Fair-OpenGL-3.3\main.cpp(650,18): warning C4305: 'initializing': truncation from 'double' to 'float'
F:\graphics lab\kawshik\Village-Fair-OpenGL-3.3\main.cpp(650,27): warning C4305: 'initializing': truncation from 'double' to 'float'
F:\graphics lab\kawshik\Village-Fair-OpenGL-3.3\main.cpp(651,9): warning C4305: 'initializing': truncation from 'double' to 'float'
F:\graphics lab\kawshik\Village-Fair-OpenGL-3.3\main.cpp(651,18): warning C4305: 'initializing': truncation from 'double' to 'float'
F:\graphics lab\kawshik\Village-Fair-OpenGL-3.3\main.cpp(651,27): warning C4305: 'initializing': truncation from 'double' to 'float'
F:\graphics lab\kawshik\Village-Fair-OpenGL-3.3\main.cpp(652,9): warning C4305: 'initializing': truncation from 'double' to 'float'
F:\graphics lab\kawshik\Village-Fair-OpenGL-3.3\main.cpp(652,18): warning C4305: 'initializing': truncation from 'double' to 'float'
F:\graphics lab\kawshik\Village-Fair-OpenGL-3.3\main.cpp(652,26): warning C4305: 'initializing': truncation from 'double' to 'float'
F:\graphics lab\kawshik\Village-Fair-OpenGL-3.3\main.cpp(653,9): warning C4305: 'initializing': truncation from 'double' to 'float'
F:\graphics lab\kawshik\Village-Fair-OpenGL-3.3\main.cpp(653,18): warning C4305: 'initializing': truncation from 'double' to 'float'
F:\graphics lab\kawshik\Village-Fair-OpenGL-3.3\main.cpp(653,26): warning C4305: 'initializing': truncation from 'double' to 'float'
F:\graphics lab\kawshik\Village-Fair-OpenGL-3.3\main.cpp(654,9): warning C4305: 'initializing': truncation from 'double' to 'float'
F:\graphics lab\kawshik\Village-Fair-OpenGL-3.3\main.cpp(654,18): warning C4305: 'initializing': truncation from 'double' to 'float'
F:\graphics lab\kawshik\Village-Fair-OpenGL-3.3\main.cpp(654,26): warning C4305: 'initializing': truncation from 'double' to 'float'
F:\graphics lab\kawshik\Village-Fair-OpenGL-3.3\main.cpp(655,9): warning C4305: 'initializing': truncation from 'double' to 'float'
F:\graphics lab\kawshik\Village-Fair-OpenGL-3.3\main.cpp(655,18): warning C4305: 'initializing': truncation from 'double' to 'float'
F:\graphics lab\kawshik\Village-Fair-OpenGL-3.3\main.cpp(655,26): warning C4305: 'initializing': truncation from 'double' to 'float'
F:\graphics lab\kawshik\Village-Fair-OpenGL-3.3\main.cpp(656,9): warning C4305: 'initializing': truncation from 'double' to 'float'
F:\graphics lab\kawshik\Village-Fair-OpenGL-3.3\main.cpp(656,18): warning C4305: 'initializing': truncation from 'double' to 'float'
F:\graphics lab\kawshik\Village-Fair-OpenGL-3.3\main.cpp(656,26): warning C4305: 'initializing': truncation from 'double' to 'float'
F:\graphics lab\kawshik\Village-Fair-OpenGL-3.3\main.cpp(657,9): warning C4305: 'initializing': truncation from 'double' to 'float'
F:\graphics lab\kawshik\Village-Fair-OpenGL-3.3\main.cpp(657,18): warning C4305: 'initializing': truncation from 'double' to 'float'
F:\graphics lab\kawshik\Village-Fair-OpenGL-3.3\main.cpp(657,26): warning C4305: 'initializing': truncation from 'double' to 'float'
F:\graphics lab\kawshik\Village-Fair-OpenGL-3.3\main.cpp(658,9): warning C4305: 'initializing': truncation from 'double' to 'float'
F:\graphics lab\kawshik\Village-Fair-OpenGL-3.3\main.cpp(658,18): warning C4305: 'initializing': truncation from 'double' to 'float'
F:\graphics lab\kawshik\Village-Fair-OpenGL-3.3\main.cpp(658,26): warning C4305: 'initializing': truncation from 'double' to 'float'
F:\graphics lab\kawshik\Village-Fair-OpenGL-3.3\main.cpp(659,9): warning C4305: 'initializing': truncation from 'double' to 'float'
F:\graphics lab\kawshik\Village-Fair-OpenGL-3.3\main.cpp(659,18): warning C4305: 'initializing': truncation from 'double' to 'float'
F:\graphics lab\kawshik\Village-Fair-OpenGL-3.3\main.cpp(659,26): warning C4305: 'initializing': truncation from 'double' to 'float'
F:\graphics lab\kawshik\Village-Fair-OpenGL-3.3\main.cpp(660,9): warning C4305: 'initializing': truncation from 'double' to 'float'
F:\graphics lab\kawshik\Village-Fair-OpenGL-3.3\main.cpp(660,18): warning C4305: 'initializing': truncation from 'double' to 'float'
F:\graphics lab\kawshik\Village-Fair-OpenGL-3.3\main.cpp(660,26): warning C4305: 'initializing': truncation from 'double' to 'float'
F:\graphics lab\kawshik\Village-Fair-OpenGL-3.3\main.cpp(661,18): warning C4305: 'initializing': truncation from 'double' to 'float'
F:\graphics lab\kawshik\Village-Fair-OpenGL-3.3\main.cpp(661,26): warning C4305: 'initializing': truncation from 'double' to 'float'
F:\graphics lab\kawshik\Village-Fair-OpenGL-3.3\main.cpp(662,9): warning C4305: 'initializing': truncation from 'double' to 'float'
F:\graphics lab\kawshik\Village-Fair-OpenGL-3.3\main.cpp(662,18): warning C4305: 'initializing': truncation from 'double' to 'float'
F:\graphics lab\kawshik\Village-Fair-OpenGL-3.3\main.cpp(662,26): warning C4305: 'initializing': truncation from 'double' to 'float'
F:\graphics lab\kawshik\Village-Fair-OpenGL-3.3\main.cpp(663,9): warning C4305: 'initializing': truncation from 'double' to 'float'
F:\graphics lab\kawshik\Village-Fair-OpenGL-3.3\main.cpp(663,18): warning C4305: 'initializing': truncation from 'double' to 'float'
F:\graphics lab\kawshik\Village-Fair-OpenGL-3.3\main.cpp(663,26): warning C4305: 'initializing': truncation from 'double' to 'float'
F:\graphics lab\kawshik\Village-Fair-OpenGL-3.3\main.cpp(664,9): warning C4305: 'initializing': truncation from 'double' to 'float'
F:\graphics lab\kawshik\Village-Fair-OpenGL-3.3\main.cpp(664,18): warning C4305: 'initializing': truncation from 'double' to 'float'
F:\graphics lab\kawshik\Village-Fair-OpenGL-3.3\main.cpp(664,26): warning C4305: 'initializing': truncation from 'double' to 'float'
F:\graphics lab\kawshik\Village-Fair-OpenGL-3.3\main.cpp(665,9): warning C4305: 'initializing': truncation from 'double' to 'float'
F:\graphics lab\kawshik\Village-Fair-OpenGL-3.3\main.cpp(665,18): warning C4305: 'initializing': truncation from 'double' to 'float'
F:\graphics lab\kawshik\Village-Fair-OpenGL-3.3\main.cpp(665,26): warning C4305: 'initializing': truncation from 'double' to 'float'
F:\graphics lab\kawshik\Village-Fair-OpenGL-3.3\main.cpp(666,9): warning C4305: 'initializing': truncation from 'double' to 'float'
F:\graphics lab\kawshik\Village-Fair-OpenGL-3.3\main.cpp(666,18): warning C4305: 'initializing': truncation from 'double' to 'float'
F:\graphics lab\kawshik\Village-Fair-OpenGL-3.3\main.cpp(666,26): warning C4305: 'initializing': truncation from 'double' to 'float'
F:\graphics lab\kawshik\Village-Fair-OpenGL-3.3\main.cpp(667,9): warning C4305: 'initializing': truncation from 'double' to 'float'
F:\graphics lab\kawshik\Village-Fair-OpenGL-3.3\main.cpp(667,18): warning C4305: 'initializing': truncation from 'double' to 'float'
F:\graphics lab\kawshik\Village-Fair-OpenGL-3.3\main.cpp(667,26): warning C4305: 'initializing': truncation from 'double' to 'float'
F:\graphics lab\kawshik\Village-Fair-OpenGL-3.3\main.cpp(668,9): warning C4305: 'initializing': truncation from 'double' to 'float'
F:\graphics lab\kawshik\Village-Fair-OpenGL-3.3\main.cpp(668,18): warning C4305: 'initializing': truncation from 'double' to 'float'
F:\graphics lab\kawshik\Village-Fair-OpenGL-3.3\main.cpp(668,26): warning C4305: 'initializing': truncation from 'double' to 'float'
F:\graphics lab\kawshik\Village-Fair-OpenGL-3.3\main.cpp(669,9): warning C4305: 'initializing': truncation from 'double' to 'float'
F:\graphics lab\kawshik\Village-Fair-OpenGL-3.3\main.cpp(669,18): warning C4305: 'initializing': truncation from 'double' to 'float'
F:\graphics lab\kawshik\Village-Fair-OpenGL-3.3\main.cpp(669,26): warning C4305: 'initializing': truncation from 'double' to 'float'
F:\graphics lab\kawshik\Village-Fair-OpenGL-3.3\main.cpp(670,9): warning C4305: 'initializing': truncation from 'double' to 'float'
F:\graphics lab\kawshik\Village-Fair-OpenGL-3.3\main.cpp(670,18): warning C4305: 'initializing': truncation from 'double' to 'float'
F:\graphics lab\kawshik\Village-Fair-OpenGL-3.3\main.cpp(670,26): warning C4305: 'initializing': truncation from 'double' to 'float'
F:\graphics lab\kawshik\Village-Fair-OpenGL-3.3\main.cpp(671,9): warning C4305: 'initializing': truncation from 'double' to 'float'
F:\graphics lab\kawshik\Village-Fair-OpenGL-3.3\main.cpp(671,18): warning C4305: 'initializing': truncation from 'double' to 'float'
F:\graphics lab\kawshik\Village-Fair-OpenGL-3.3\main.cpp(671,26): warning C4305: 'initializing': truncation from 'double' to 'float'
F:\graphics lab\kawshik\Village-Fair-OpenGL-3.3\main.cpp(672,9): warning C4305: 'initializing': truncation from 'double' to 'float'
F:\graphics lab\kawshik\Village-Fair-OpenGL-3.3\main.cpp(672,18): warning C4305: 'initializing': truncation from 'double' to 'float'
F:\graphics lab\kawshik\Village-Fair-OpenGL-3.3\main.cpp(672,26): warning C4305: 'initializing': truncation from 'double' to 'float'
F:\graphics lab\kawshik\Village-Fair-OpenGL-3.3\main.cpp(673,9): warning C4305: 'initializing': truncation from 'double' to 'float'
F:\graphics lab\kawshik\Village-Fair-OpenGL-3.3\main.cpp(673,18): warning C4305: 'initializing': truncation from 'double' to 'float'
F:\graphics lab\kawshik\Village-Fair-OpenGL-3.3\main.cpp(673,26): warning C4305: 'initializing': truncation from 'double' to 'float'
F:\graphics lab\kawshik\Village-Fair-OpenGL-3.3\main.cpp(674,9): warning C4305: 'initializing': truncation from 'double' to 'float'
F:\graphics lab\kawshik\Village-Fair-OpenGL-3.3\main.cpp(674,18): warning C4305: 'initializing': truncation from 'double' to 'float'
F:\graphics lab\kawshik\Village-Fair-OpenGL-3.3\main.cpp(674,26): warning C4305: 'initializing': truncation from 'double' to 'float'
F:\graphics lab\kawshik\Village-Fair-OpenGL-3.3\main.cpp(675,9): warning C4305: 'initializing': truncation from 'double' to 'float'
F:\graphics lab\kawshik\Village-Fair-OpenGL-3.3\main.cpp(675,18): warning C4305: 'initializing': truncation from 'double' to 'float'
F:\graphics lab\kawshik\Village-Fair-OpenGL-3.3\main.cpp(675,26): warning C4305: 'initializing': truncation from 'double' to 'float'
F:\graphics lab\kawshik\Village-Fair-OpenGL-3.3\main.cpp(676,9): warning C4305: 'initializing': truncation from 'double' to 'float'
F:\graphics lab\kawshik\Village-Fair-OpenGL-3.3\main.cpp(676,18): warning C4305: 'initializing': truncation from 'double' to 'float'
F:\graphics lab\kawshik\Village-Fair-OpenGL-3.3\main.cpp(676,26): warning C4305: 'initializing': truncation from 'double' to 'float'
F:\graphics lab\kawshik\Village-Fair-OpenGL-3.3\main.cpp(677,9): warning C4305: 'initializing': truncation from 'double' to 'float'
F:\graphics lab\kawshik\Village-Fair-OpenGL-3.3\main.cpp(677,18): warning C4305: 'initializing': truncation from 'double' to 'float'
F:\graphics lab\kawshik\Village-Fair-OpenGL-3.3\main.cpp(677,26): warning C4305: 'initializing': truncation from 'double' to 'float'
F:\graphics lab\kawshik\Village-Fair-OpenGL-3.3\main.cpp(678,9): warning C4305: 'initializing': truncation from 'double' to 'float'
F:\graphics lab\kawshik\Village-Fair-OpenGL-3.3\main.cpp(678,18): warning C4305: 'initializing': truncation from 'double' to 'float'
F:\graphics lab\kawshik\Village-Fair-OpenGL-3.3\main.cpp(678,26): warning C4305: 'initializing': truncation from 'double' to 'float'
F:\graphics lab\kawshik\Village-Fair-OpenGL-3.3\main.cpp(679,9): warning C4305: 'initializing': truncation from 'double' to 'float'
F:\graphics lab\kawshik\Village-Fair-OpenGL-3.3\main.cpp(679,18): warning C4305: 'initializing': truncation from 'double' to 'float'
F:\graphics lab\kawshik\Village-Fair-OpenGL-3.3\main.cpp(679,26): warning C4305: 'initializing': truncation from 'double' to 'float'
F:\graphics lab\kawshik\Village-Fair-OpenGL-3.3\main.cpp(680,9): warning C4305: 'initializing': truncation from 'double' to 'float'
F:\graphics lab\kawshik\Village-Fair-OpenGL-3.3\main.cpp(680,18): warning C4305: 'initializing': truncation from 'double' to 'float'
F:\graphics lab\kawshik\Village-Fair-OpenGL-3.3\main.cpp(680,26): warning C4305: 'initializing': truncation from 'double' to 'float'
F:\graphics lab\kawshik\Village-Fair-OpenGL-3.3\main.cpp(681,9): warning C4305: 'initializing': truncation from 'double' to 'float'
F:\graphics lab\kawshik\Village-Fair-OpenGL-3.3\main.cpp(681,18): warning C4305: 'initializing': truncation from 'double' to 'float'
F:\graphics lab\kawshik\Village-Fair-OpenGL-3.3\main.cpp(681,26): warning C4305: 'initializing': truncation from 'double' to 'float'
F:\graphics lab\kawshik\Village-Fair-OpenGL-3.3\main.cpp(682,18): warning C4305: 'initializing': truncation from 'double' to 'float'
F:\graphics lab\kawshik\Village-Fair-OpenGL-3.3\main.cpp(682,26): warning C4305: 'initializing': truncation from 'double' to 'float'
F:\graphics lab\kawshik\Village-Fair-OpenGL-3.3\main.cpp(683,9): warning C4305: 'initializing': truncation from 'double' to 'float'
F:\graphics lab\kawshik\Village-Fair-OpenGL-3.3\main.cpp(683,18): warning C4305: 'initializing': truncation from 'double' to 'float'
F:\graphics lab\kawshik\Village-Fair-OpenGL-3.3\main.cpp(683,26): warning C4305: 'initializing': truncation from 'double' to 'float'
F:\graphics lab\kawshik\Village-Fair-OpenGL-3.3\main.cpp(684,9): warning C4305: 'initializing': truncation from 'double' to 'float'
F:\graphics lab\kawshik\Village-Fair-OpenGL-3.3\main.cpp(684,18): warning C4305: 'initializing': truncation from 'double' to 'float'
F:\graphics lab\kawshik\Village-Fair-OpenGL-3.3\main.cpp(684,26): warning C4305: 'initializing': truncation from 'double' to 'float'
F:\graphics lab\kawshik\Village-Fair-OpenGL-3.3\main.cpp(685,9): warning C4305: 'initializing': truncation from 'double' to 'float'
F:\graphics lab\kawshik\Village-Fair-OpenGL-3.3\main.cpp(685,18): warning C4305: 'initializing': truncation from 'double' to 'float'
F:\graphics lab\kawshik\Village-Fair-OpenGL-3.3\main.cpp(685,26): warning C4305: 'initializing': truncation from 'double' to 'float'
F:\graphics lab\kawshik\Village-Fair-OpenGL-3.3\main.cpp(686,9): warning C4305: 'initializing': truncation from 'double' to 'float'
F:\graphics lab\kawshik\Village-Fair-OpenGL-3.3\main.cpp(686,18): warning C4305: 'initializing': truncation from 'double' to 'float'
F:\graphics lab\kawshik\Village-Fair-OpenGL-3.3\main.cpp(686,26): warning C4305: 'initializing': truncation from 'double' to 'float'
F:\graphics lab\kawshik\Village-Fair-OpenGL-3.3\main.cpp(687,9): warning C4305: 'initializing': truncation from 'double' to 'float'
F:\graphics lab\kawshik\Village-Fair-OpenGL-3.3\main.cpp(687,18): warning C4305: 'initializing': truncation from 'double' to 'float'
F:\graphics lab\kawshik\Village-Fair-OpenGL-3.3\main.cpp(687,26): warning C4305: 'initializing': truncation from 'double' to 'float'
F:\graphics lab\kawshik\Village-Fair-OpenGL-3.3\main.cpp(688,9): warning C4305: 'initializing': truncation from 'double' to 'float'
F:\graphics lab\kawshik\Village-Fair-OpenGL-3.3\main.cpp(688,18): warning C4305: 'initializing': truncation from 'double' to 'float'
F:\graphics lab\kawshik\Village-Fair-OpenGL-3.3\main.cpp(688,26): warning C4305: 'initializing': truncation from 'double' to 'float'
F:\graphics lab\kawshik\Village-Fair-OpenGL-3.3\main.cpp(689,9): warning C4305: 'initializing': truncation from 'double' to 'float'
F:\graphics lab\kawshik\Village-Fair-OpenGL-3.3\main.cpp(689,18): warning C4305: 'initializing': truncation from 'double' to 'float'
F:\graphics lab\kawshik\Village-Fair-OpenGL-3.3\main.cpp(689,26): warning C4305: 'initializing': truncation from 'double' to 'float'
F:\graphics lab\kawshik\Village-Fair-OpenGL-3.3\main.cpp(690,9): warning C4305: 'initializing': truncation from 'double' to 'float'
F:\graphics lab\kawshik\Village-Fair-OpenGL-3.3\main.cpp(690,18): warning C4305: 'initializing': truncation from 'double' to 'float'
F:\graphics lab\kawshik\Village-Fair-OpenGL-3.3\main.cpp(690,26): warning C4305: 'initializing': truncation from 'double' to 'float'
F:\graphics lab\kawshik\Village-Fair-OpenGL-3.3\main.cpp(691,9): warning C4305: 'initializing': truncation from 'double' to 'float'
F:\graphics lab\kawshik\Village-Fair-OpenGL-3.3\main.cpp(691,26): warning C4305: 'initializing': truncation from 'double' to 'float'
F:\graphics lab\kawshik\Village-Fair-OpenGL-3.3\main.cpp(692,9): warning C4305: 'initializing': truncation from 'double' to 'float'
F:\graphics lab\kawshik\Village-Fair-OpenGL-3.3\main.cpp(692,18): warning C4305: 'initializing': truncation from 'double' to 'float'
F:\graphics lab\kawshik\Village-Fair-OpenGL-3.3\main.cpp(692,26): warning C4305: 'initializing': truncation from 'double' to 'float'
F:\graphics lab\kawshik\Village-Fair-OpenGL-3.3\main.cpp(693,9): warning C4305: 'initializing': truncation from 'double' to 'float'
F:\graphics lab\kawshik\Village-Fair-OpenGL-3.3\main.cpp(693,18): warning C4305: 'initializing': truncation from 'double' to 'float'
F:\graphics lab\kawshik\Village-Fair-OpenGL-3.3\main.cpp(693,26): warning C4305: 'initializing': truncation from 'double' to 'float'
F:\graphics lab\kawshik\Village-Fair-OpenGL-3.3\main.cpp(694,9): warning C4305: 'initializing': truncation from 'double' to 'float'
F:\graphics lab\kawshik\Village-Fair-OpenGL-3.3\main.cpp(694,18): warning C4305: 'initializing': truncation from 'double' to 'float'
F:\graphics lab\kawshik\Village-Fair-OpenGL-3.3\main.cpp(694,26): warning C4305: 'initializing': truncation from 'double' to 'float'
F:\graphics lab\kawshik\Village-Fair-OpenGL-3.3\main.cpp(695,9): warning C4305: 'initializing': truncation from 'double' to 'float'
F:\graphics lab\kawshik\Village-Fair-OpenGL-3.3\main.cpp(695,18): warning C4305: 'initializing': truncation from 'double' to 'float'
F:\graphics lab\kawshik\Village-Fair-OpenGL-3.3\main.cpp(695,26): warning C4305: 'initializing': truncation from 'double' to 'float'
F:\graphics lab\kawshik\Village-Fair-OpenGL-3.3\main.cpp(696,9): warning C4305: 'initializing': truncation from 'double' to 'float'
F:\graphics lab\kawshik\Village-Fair-OpenGL-3.3\main.cpp(696,18): warning C4305: 'initializing': truncation from 'double' to 'float'
F:\graphics lab\kawshik\Village-Fair-OpenGL-3.3\main.cpp(696,26): warning C4305: 'initializing': truncation from 'double' to 'float'
F:\graphics lab\kawshik\Village-Fair-OpenGL-3.3\main.cpp(697,17): warning C4305: 'initializing': truncation from 'double' to 'float'
F:\graphics lab\kawshik\Village-Fair-OpenGL-3.3\main.cpp(697,25): warning C4305: 'initializing': truncation from 'double' to 'float'
F:\graphics lab\kawshik\Village-Fair-OpenGL-3.3\main.cpp(701,9): warning C4305: 'initializing': truncation from 'double' to 'float'
F:\graphics lab\kawshik\Village-Fair-OpenGL-3.3\main.cpp(701,18): warning C4305: 'initializing': truncation from 'double' to 'float'
F:\graphics lab\kawshik\Village-Fair-OpenGL-3.3\main.cpp(701,26): warning C4305: 'initializing': truncation from 'double' to 'float'
F:\graphics lab\kawshik\Village-Fair-OpenGL-3.3\main.cpp(702,9): warning C4305: 'initializing': truncation from 'double' to 'float'
F:\graphics lab\kawshik\Village-Fair-OpenGL-3.3\main.cpp(702,18): warning C4305: 'initializing': truncation from 'double' to 'float'
F:\graphics lab\kawshik\Village-Fair-OpenGL-3.3\main.cpp(702,26): warning C4305: 'initializing': truncation from 'double' to 'float'
F:\graphics lab\kawshik\Village-Fair-OpenGL-3.3\main.cpp(703,9): warning C4305: 'initializing': truncation from 'double' to 'float'
F:\graphics lab\kawshik\Village-Fair-OpenGL-3.3\main.cpp(703,18): warning C4305: 'initializing': truncation from 'double' to 'float'
F:\graphics lab\kawshik\Village-Fair-OpenGL-3.3\main.cpp(703,26): warning C4305: 'initializing': truncation from 'double' to 'float'
F:\graphics lab\kawshik\Village-Fair-OpenGL-3.3\main.cpp(704,9): warning C4305: 'initializing': truncation from 'double' to 'float'
F:\graphics lab\kawshik\Village-Fair-OpenGL-3.3\main.cpp(704,18): warning C4305: 'initializing': truncation from 'double' to 'float'
F:\graphics lab\kawshik\Village-Fair-OpenGL-3.3\main.cpp(704,26): warning C4305: 'initializing': truncation from 'double' to 'float'
F:\graphics lab\kawshik\Village-Fair-OpenGL-3.3\main.cpp(705,9): warning C4305: 'initializing': truncation from 'double' to 'float'
F:\graphics lab\kawshik\Village-Fair-OpenGL-3.3\main.cpp(705,18): warning C4305: 'initializing': truncation from 'double' to 'float'
F:\graphics lab\kawshik\Village-Fair-OpenGL-3.3\main.cpp(705,26): warning C4305: 'initializing': truncation from 'double' to 'float'
F:\graphics lab\kawshik\Village-Fair-OpenGL-3.3\main.cpp(706,9): warning C4305: 'initializing': truncation from 'double' to 'float'
F:\graphics lab\kawshik\Village-Fair-OpenGL-3.3\main.cpp(706,18): warning C4305: 'initializing': truncation from 'double' to 'float'
F:\graphics lab\kawshik\Village-Fair-OpenGL-3.3\main.cpp(706,26): warning C4305: 'initializing': truncation from 'double' to 'float'
F:\graphics lab\kawshik\Village-Fair-OpenGL-3.3\main.cpp(707,9): warning C4305: 'initializing': truncation from 'double' to 'float'
F:\graphics lab\kawshik\Village-Fair-OpenGL-3.3\main.cpp(707,18): warning C4305: 'initializing': truncation from 'double' to 'float'
F:\graphics lab\kawshik\Village-Fair-OpenGL-3.3\main.cpp(707,26): warning C4305: 'initializing': truncation from 'double' to 'float'
F:\graphics lab\kawshik\Village-Fair-OpenGL-3.3\main.cpp(708,9): warning C4305: 'initializing': truncation from 'double' to 'float'
F:\graphics lab\kawshik\Village-Fair-OpenGL-3.3\main.cpp(708,18): warning C4305: 'initializing': truncation from 'double' to 'float'
F:\graphics lab\kawshik\Village-Fair-OpenGL-3.3\main.cpp(708,26): warning C4305: 'initializing': truncation from 'double' to 'float'
F:\graphics lab\kawshik\Village-Fair-OpenGL-3.3\main.cpp(709,9): warning C4305: 'initializing': truncation from 'double' to 'float'
F:\graphics lab\kawshik\Village-Fair-OpenGL-3.3\main.cpp(709,18): warning C4305: 'initializing': truncation from 'double' to 'float'
F:\graphics lab\kawshik\Village-Fair-OpenGL-3.3\main.cpp(709,26): warning C4305: 'initializing': truncation from 'double' to 'float'
F:\graphics lab\kawshik\Village-Fair-OpenGL-3.3\main.cpp(710,9): warning C4305: 'initializing': truncation from 'double' to 'float'
F:\graphics lab\kawshik\Village-Fair-OpenGL-3.3\main.cpp(710,18): warning C4305: 'initializing': truncation from 'double' to 'float'
F:\graphics lab\kawshik\Village-Fair-OpenGL-3.3\main.cpp(710,26): warning C4305: 'initializing': truncation from 'double' to 'float'
F:\graphics lab\kawshik\Village-Fair-OpenGL-3.3\main.cpp(711,9): warning C4305: 'initializing': truncation from 'double' to 'float'
F:\graphics lab\kawshik\Village-Fair-OpenGL-3.3\main.cpp(711,18): warning C4305: 'initializing': truncation from 'double' to 'float'
F:\graphics lab\kawshik\Village-Fair-OpenGL-3.3\main.cpp(711,26): warning C4305: 'initializing': truncation from 'double' to 'float'
F:\graphics lab\kawshik\Village-Fair-OpenGL-3.3\main.cpp(712,9): warning C4305: 'initializing': truncation from 'double' to 'float'
F:\graphics lab\kawshik\Village-Fair-OpenGL-3.3\main.cpp(712,18): warning C4305: 'initializing': truncation from 'double' to 'float'
F:\graphics lab\kawshik\Village-Fair-OpenGL-3.3\main.cpp(712,26): warning C4305: 'initializing': truncation from 'double' to 'float'
F:\graphics lab\kawshik\Village-Fair-OpenGL-3.3\main.cpp(713,9): warning C4305: 'initializing': truncation from 'double' to 'float'
F:\graphics lab\kawshik\Village-Fair-OpenGL-3.3\main.cpp(713,18): warning C4305: 'initializing': truncation from 'double' to 'float'
F:\graphics lab\kawshik\Village-Fair-OpenGL-3.3\main.cpp(713,26): warning C4305: 'initializing': truncation from 'double' to 'float'
F:\graphics lab\kawshik\Village-Fair-OpenGL-3.3\main.cpp(714,9): warning C4305: 'initializing': truncation from 'double' to 'float'
F:\graphics lab\kawshik\Village-Fair-OpenGL-3.3\main.cpp(714,26): warning C4305: 'initializing': truncation from 'double' to 'float'
F:\graphics lab\kawshik\Village-Fair-OpenGL-3.3\main.cpp(715,9): warning C4305: 'initializing': truncation from 'double' to 'float'
F:\graphics lab\kawshik\Village-Fair-OpenGL-3.3\main.cpp(715,18): warning C4305: 'initializing': truncation from 'double' to 'float'
F:\graphics lab\kawshik\Village-Fair-OpenGL-3.3\main.cpp(715,26): warning C4305: 'initializing': truncation from 'double' to 'float'
F:\graphics lab\kawshik\Village-Fair-OpenGL-3.3\main.cpp(716,9): warning C4305: 'initializing': truncation from 'double' to 'float'
F:\graphics lab\kawshik\Village-Fair-OpenGL-3.3\main.cpp(716,18): warning C4305: 'initializing': truncation from 'double' to 'float'
F:\graphics lab\kawshik\Village-Fair-OpenGL-3.3\main.cpp(716,26): warning C4305: 'initializing': truncation from 'double' to 'float'
F:\graphics lab\kawshik\Village-Fair-OpenGL-3.3\main.cpp(717,9): warning C4305: 'initializing': truncation from 'double' to 'float'
F:\graphics lab\kawshik\Village-Fair-OpenGL-3.3\main.cpp(717,18): warning C4305: 'initializing': truncation from 'double' to 'float'
F:\graphics lab\kawshik\Village-Fair-OpenGL-3.3\main.cpp(717,26): warning C4305: 'initializing': truncation from 'double' to 'float'
F:\graphics lab\kawshik\Village-Fair-OpenGL-3.3\main.cpp(718,9): warning C4305: 'initializing': truncation from 'double' to 'float'
F:\graphics lab\kawshik\Village-Fair-OpenGL-3.3\main.cpp(718,18): warning C4305: 'initializing': truncation from 'double' to 'float'
F:\graphics lab\kawshik\Village-Fair-OpenGL-3.3\main.cpp(718,26): warning C4305: 'initializing': truncation from 'double' to 'float'
F:\graphics lab\kawshik\Village-Fair-OpenGL-3.3\main.cpp(719,9): warning C4305: 'initializing': truncation from 'double' to 'float'
F:\graphics lab\kawshik\Village-Fair-OpenGL-3.3\main.cpp(719,18): warning C4305: 'initializing': truncation from 'double' to 'float'
F:\graphics lab\kawshik\Village-Fair-OpenGL-3.3\main.cpp(719,26): warning C4305: 'initializing': truncation from 'double' to 'float'
F:\graphics lab\kawshik\Village-Fair-OpenGL-3.3\main.cpp(720,9): warning C4305: 'initializing': truncation from 'double' to 'float'
F:\graphics lab\kawshik\Village-Fair-OpenGL-3.3\main.cpp(720,18): warning C4305: 'initializing': truncation from 'double' to 'float'
F:\graphics lab\kawshik\Village-Fair-OpenGL-3.3\main.cpp(720,26): warning C4305: 'initializing': truncation from 'double' to 'float'
F:\graphics lab\kawshik\Village-Fair-OpenGL-3.3\main.cpp(721,9): warning C4305: 'initializing': truncation from 'double' to 'float'
F:\graphics lab\kawshik\Village-Fair-OpenGL-3.3\main.cpp(721,18): warning C4305: 'initializing': truncation from 'double' to 'float'
F:\graphics lab\kawshik\Village-Fair-OpenGL-3.3\main.cpp(721,26): warning C4305: 'initializing': truncation from 'double' to 'float'
F:\graphics lab\kawshik\Village-Fair-OpenGL-3.3\main.cpp(722,9): warning C4305: 'initializing': truncation from 'double' to 'float'
F:\graphics lab\kawshik\Village-Fair-OpenGL-3.3\main.cpp(722,18): warning C4305: 'initializing': truncation from 'double' to 'float'
F:\graphics lab\kawshik\Village-Fair-OpenGL-3.3\main.cpp(722,26): warning C4305: 'initializing': truncation from 'double' to 'float'
F:\graphics lab\kawshik\Village-Fair-OpenGL-3.3\main.cpp(723,9): warning C4305: 'initializing': truncation from 'double' to 'float'
F:\graphics lab\kawshik\Village-Fair-OpenGL-3.3\main.cpp(723,18): warning C4305: 'initializing': truncation from 'double' to 'float'
F:\graphics lab\kawshik\Village-Fair-OpenGL-3.3\main.cpp(723,26): warning C4305: 'initializing': truncation from 'double' to 'float'
F:\graphics lab\kawshik\Village-Fair-OpenGL-3.3\main.cpp(724,9): warning C4305: 'initializing': truncation from 'double' to 'float'
F:\graphics lab\kawshik\Village-Fair-OpenGL-3.3\main.cpp(724,18): warning C4305: 'initializing': truncation from 'double' to 'float'
F:\graphics lab\kawshik\Village-Fair-OpenGL-3.3\main.cpp(724,26): warning C4305: 'initializing': truncation from 'double' to 'float'
F:\graphics lab\kawshik\Village-Fair-OpenGL-3.3\main.cpp(725,9): warning C4305: 'initializing': truncation from 'double' to 'float'
F:\graphics lab\kawshik\Village-Fair-OpenGL-3.3\main.cpp(725,18): warning C4305: 'initializing': truncation from 'double' to 'float'
F:\graphics lab\kawshik\Village-Fair-OpenGL-3.3\main.cpp(725,26): warning C4305: 'initializing': truncation from 'double' to 'float'
F:\graphics lab\kawshik\Village-Fair-OpenGL-3.3\main.cpp(726,9): warning C4305: 'initializing': truncation from 'double' to 'float'
F:\graphics lab\kawshik\Village-Fair-OpenGL-3.3\main.cpp(726,18): warning C4305: 'initializing': truncation from 'double' to 'float'
F:\graphics lab\kawshik\Village-Fair-OpenGL-3.3\main.cpp(726,26): warning C4305: 'initializing': truncation from 'double' to 'float'
F:\graphics lab\kawshik\Village-Fair-OpenGL-3.3\main.cpp(727,9): warning C4305: 'initializing': truncation from 'double' to 'float'
F:\graphics lab\kawshik\Village-Fair-OpenGL-3.3\main.cpp(727,18): warning C4305: 'initializing': truncation from 'double' to 'float'
F:\graphics lab\kawshik\Village-Fair-OpenGL-3.3\main.cpp(727,26): warning C4305: 'initializing': truncation from 'double' to 'float'
F:\graphics lab\kawshik\Village-Fair-OpenGL-3.3\main.cpp(728,9): warning C4305: 'initializing': truncation from 'double' to 'float'
F:\graphics lab\kawshik\Village-Fair-OpenGL-3.3\main.cpp(728,18): warning C4305: 'initializing': truncation from 'double' to 'float'
F:\graphics lab\kawshik\Village-Fair-OpenGL-3.3\main.cpp(728,26): warning C4305: 'initializing': truncation from 'double' to 'float'
F:\graphics lab\kawshik\Village-Fair-OpenGL-3.3\main.cpp(729,9): warning C4305: 'initializing': truncation from 'double' to 'float'
F:\graphics lab\kawshik\Village-Fair-OpenGL-3.3\main.cpp(729,18): warning C4305: 'initializing': truncation from 'double' to 'float'
F:\graphics lab\kawshik\Village-Fair-OpenGL-3.3\main.cpp(729,27): warning C4305: 'initializing': truncation from 'double' to 'float'
F:\graphics lab\kawshik\Village-Fair-OpenGL-3.3\main.cpp(908,46): warning C4305: '+=': truncation from 'double' to 'float'
F:\graphics lab\kawshik\Village-Fair-OpenGL-3.3\main.cpp(909,29): warning C4305: '-=': truncation from 'double' to 'float'
F:\graphics lab\kawshik\Village-Fair-OpenGL-3.3\main.cpp(911,27): warning C4305: '=': truncation from 'double' to 'float'
F:\graphics lab\kawshik\Village-Fair-OpenGL-3.3\main.cpp(1349,45): warning C4101: 'model': unreferenced local variable
F:\graphics lab\kawshik\Village-Fair-OpenGL-3.3\main.cpp(1349,32): warning C4101: 'scaleMatrix': unreferenced local variable
F:\graphics lab\kawshik\Village-Fair-OpenGL-3.3\main.cpp(1349,15): warning C4101: 'translateMatrix': unreferenced local variable
glfw3.lib(init.obj) : warning LNK4099: PDB '' was not found with 'glfw3.lib(init.obj)' or at ''; linking object as if no debug info
glfw3.lib(window.obj) : warning LNK4099: PDB '' was not found with 'glfw3.lib(window.obj)' or at ''; linking object as if no debug info
glfw3.lib(input.obj) : warning LNK4099: PDB '' was not found with 'glfw3.lib(input.obj)' or at ''; linking object as if no debug info
glfw3.lib(context.obj) : warning LNK4099: PDB '' was not found with 'glfw3.lib(context.obj)' or at ''; linking object as if no debug info
glfw3.lib(win32_init.obj) : warning LNK4099: PDB '' was not found with 'glfw3.lib(win32_init.obj)' or at ''; linking object as if no debug info
glfw3.lib(win32_monitor.obj) : warning LNK4099: PDB '' was not found with 'glfw3.lib(win32_monitor.obj)' or at ''; linking object as if no debug info
glfw3.lib(win32_time.obj) : warning LNK4099: PDB '' was not found with 'glfw3.lib(win32_time.obj)' or at ''; linking object as if no debug info
glfw3.lib(win32_thread.obj) : warning LNK4099: PDB '' was not found with 'glfw3.lib(win32_thread.obj)' or at ''; linking object as if no debug info
glfw3.lib(monitor.obj) : warning LNK4099: PDB '' was not found with 'glfw3.lib(monitor.obj)' or at ''; linking object as if no debug info
glfw3.lib(vulkan.obj) : warning LNK4099: PDB '' was not found with 'glfw3.lib(vulkan.obj)' or at ''; linking object as if no debug info
glfw3.lib(win32_window.obj) : warning LNK4099: PDB '' was not found with 'glfw3.lib(win32_window.obj)' or at ''; linking object as if no debug info
glfw3.lib(win32_joystick.obj) : warning LNK4099: PDB '' was not found with 'glfw3.lib(win32_joystick.obj)' or at ''; linking object as if no debug info
glfw3.lib(wgl_context.obj) : warning LNK4099: PDB '' was not found with 'glfw3.lib(wgl_context.obj)' or at ''; linking object as if no debug info
glfw3.lib(egl_context.obj) : warning LNK4099: PDB '' was not found with 'glfw3.lib(egl_context.obj)' or at ''; linking object as if no debug info
glfw3.lib(osmesa_context.obj) : warning LNK4099: PDB '' was not found with 'glfw3.lib(osmesa_context.obj)' or at ''; linking object as if no debug info
  Project2.vcxproj -> F:\graphics lab\kawshik\Village-Fair-OpenGL-3.3\x64\Debug\Project2.exe
